WAVE_MODE_SPECTRUM N_max_rad_s=0.0053575026636947546 positive_oscillatory_candidates_rad_s=0.25663269499422831,0.17113334066992522,0.1195160135908781,0.066830097918887221,0.035513636959828482,0.0021099603222840182,0.00098721299541833793,0.000420822821035695, selected_rad_s=0.0021099603222840182 branch_rank=0
WAVE_MODE_PHYSICAL mode=coupled_sub_Nmax_mode eigenpair_relative_residual=3.438193422430225e-17 q0_W_kinetic=147697726.71440405 q0_available_potential=8.1160415479736782e-20 q0_acoustic_fraction=6.501858184850527e-31 q1_W_kinetic=2.2038218204059478e-20 q1_available_potential=588003941.76306915 q1_acoustic_fraction=0.0013153385552615007
WAVE_MODE_SPECTRUM N_max_rad_s=0.0053575026636947546 positive_oscillatory_candidates_rad_s=0.25663269499422831,0.17113334066992522,0.1195160135908781,0.066830097918887221,0.035513636959828482,0.0021099603222840182,0.00098721299541833793,0.000420822821035695, selected_rad_s=0.00098721299541833793 branch_rank=1
WAVE_MODE_PHYSICAL mode=coupled_sub_Nmax_mode eigenpair_relative_residual=1.7576677825222786e-17 q0_W_kinetic=94951520.921942115 q0_available_potential=2.5447632052988418e-19 q0_acoustic_fraction=1.3130815565328809e-31 q1_W_kinetic=1.684844735629318e-20 q1_available_potential=953679212.77596593 q1_acoustic_fraction=0.00036208964567378745
WAVE_INVERSE_SOURCE_IDENTIFIABILITY observations=210 controls=4 rank=4 sigma_m_s=0.00029999999999999997 singular_values= 292.0281
 211.0297
  44.8949
  16.2488
[ CPUDoubleType{4} ] condition=17.972327716469792 source_eigenvalues=(-1.7347234759768065e-18,0.0021099603222840182),(1.4093722973439838e-18,0.00098721299541833793)
WAVE_INVERSE_FD epsilon=0.01 directional_fd=-54385.971936988062 adjoint=-54385.97271373999 relative_error=1.4282210808683674e-08
WAVE_INVERSE_FD epsilon=0.02 directional_fd=-54385.970774765519 adjoint=-54385.97271373999 relative_error=3.5652106113007292e-08
WAVE_INVERSE_CHECK directional_fd=-54385.971936988062 adjoint=-54385.97271373999 relative_gradient_error=1.4282210808683674e-08 observations=2 output_times_s=150,300 physical_W_sigma_m_s=0.00029999999999999997 modes=2 controls=4
WAVE_INVERSE_BFGS iter=0 cost=21129.814542552009 gradient_norm=59915.191151184124 alpha=1 curvature=3406.6516598232388
WAVE_INVERSE_BFGS iter=1 cost=21088.833132151602 gradient_norm=59939.290353496275 alpha=0.25 curvature=110.69596111671231
WAVE_INVERSE_BFGS iter=2 cost=21033.85780237928 gradient_norm=59860.022607432096 alpha=1 curvature=62.127303988518605
WAVE_INVERSE_BFGS iter=3 cost=20901.042481573386 gradient_norm=59682.124787939429 alpha=1 curvature=11.386102220993783
WAVE_INVERSE_BFGS iter=4 cost=17295.577831107152 gradient_norm=54281.275644791305 alpha=1 curvature=351.72897400479872
WAVE_INVERSE_BFGS iter=5 cost=8527.5750429340696 gradient_norm=38115.514636460735 alpha=1 curvature=3068.1262876156279
WAVE_INVERSE_BFGS iter=6 cost=2816.7841775262541 gradient_norm=21906.299059206896 alpha=1 curvature=3084.4319717471926
WAVE_INVERSE_BFGS iter=7 cost=193.09585438258225 gradient_norm=5735.5536137709078 alpha=1 curvature=3069.725367738778
WAVE_INVERSE_BFGS iter=8 cost=0.00086869959393354114 gradient_norm=0.19635362058277045 alpha=1 curvature=386.20747661201642
WAVE_INVERSE_BFGS iter=9 cost=0.00086160122030123215 gradient_norm=0.00030695919272696577 alpha=1 curvature=1.427871288913354e-05
WAVE_INVERSE_BFGS iter=10 cost=0.00086160118381435895 gradient_norm=3.0463127497126373e-07 alpha=1 curvature=1.2484367411591049e-10
WAVE_INVERSE_RESULT modes=2 amplitude=0.85904219885116395 phase_rad=-0.43238390330506743 recovered_controls= 0.7800
-0.3600
 0.3500
 0.2400
[ CPUDoubleType{4} ] start_cost=34815.89723470209 final_cost=0.00086160118381435895 start_gradient_norm=76946.965313183347 final_gradient_norm=3.0463127497126373e-07 gradient_stop_tolerance=1e-5 optimizer_iterations=11 adjoint_checkpoints=30 withheld_time_s=900 withheld_state_relative_error=3.4255136401177872e-05 withheld_phase_error_rad=2.4557212912501569e-05 withheld_amplitude_relative_error=3.4573627889542405e-05 withheld_max_phase_error_rad=2.4557212912501569e-05 withheld_max_amplitude_relative_error=4.2980078208871452e-05 withheld_W_baseline_relative_error=1 withheld_W_relative_error=0.0063751563692609533 withheld_W_residual_reduction=0.993624843630739 checkpoint_payload_MiB=0.2655029296875 peak_rss_kib=674208 analysis_end_s=300 withheld_duration_s=600 observations_from_independent_reference=1 observation_times=2
